// Jest Snapshot v1, https://goo.gl/fbAQLP

exports[`lexer:filter 1`] = `
Array [
  "<Raw> $abc is ",
  "<OpenScript> \${",
  "<Identifier> abc",
  "<OpenFilter> |",
  "<Char>  ",
  "<Identifier> date",
  "<Punctuator> :",
  "<Char>  ",
  "<Identifier> YYYY",
  "<Punctuator> -",
  "<Identifier> MM",
  "<Punctuator> -",
  "<Identifier> DD",
  "<Char>  ",
  "<Identifier> HH",
  "<Char> :",
  "<Identifier> mm",
  "<Char> :",
  "<Identifier> ss",
  "<CloseScript> }",
  "<EOF> undefined",
]
`;

exports[`lexer:simple 1`] = `
Array [
  "<Raw> expression result is ",
  "<OpenScript> \${",
  "<Identifier> a",
  "<Punctuator> +",
  "<Identifier> b",
  "<CloseScript> }",
  "<EOF> undefined",
]
`;
